../Drivers/stm32f411e/Src/stm32f411e_discovery_gyroscope.c:96:9:BSP_GYRO_Init	32	static
../Drivers/stm32f411e/Src/stm32f411e_discovery_gyroscope.c:186:9:BSP_GYRO_ReadID	8	static
../Drivers/stm32f411e/Src/stm32f411e_discovery_gyroscope.c:200:6:BSP_GYRO_Reset	8	static
../Drivers/stm32f411e/Src/stm32f411e_discovery_gyroscope.c:213:6:BSP_GYRO_ITConfig	8	static
../Drivers/stm32f411e/Src/stm32f411e_discovery_gyroscope.c:238:6:BSP_GYRO_EnableIT	8	static
../Drivers/stm32f411e/Src/stm32f411e_discovery_gyroscope.c:255:6:BSP_GYRO_DisableIT	8	static
../Drivers/stm32f411e/Src/stm32f411e_discovery_gyroscope.c:267:6:BSP_GYRO_GetXYZ	8	static
