../Drivers/CMSIS/Include/core_cm4.h:2064:26:ITM_SendChar	4
../Core/Src/main.c:93:5:main	7
../Core/Src/main.c:234:13:SystemClock_Config	3
../Core/Src/main.c:280:6:HAL_GPIO_EXTI_Callback	3
../Core/Src/main.c:294:6:Toggle_Leds	1
../Core/Src/main.c:308:6:HAL_TIM_PeriodElapsedCallback	4
../Core/Src/main.c:334:5:_write	2
../Core/Src/main.c:348:6:Error_Handler	1
../Core/Src/main.c:357:13:GPIOA_Init	1
../Core/Src/main.c:369:16:ProcessSample	5
../Core/Src/main.c:406:16:ProcessSample2	5
../Core/Src/main.c:440:16:ProcessSample3	5
