../Drivers/CMSIS/Include/core_cm4.h:2064:26:ITM_SendChar	16	static,ignoring_inline_asm
../Core/Src/main.c:93:5:main	8	static
../Core/Src/main.c:234:13:SystemClock_Config	88	static
../Core/Src/main.c:280:6:HAL_GPIO_EXTI_Callback	16	static
../Core/Src/main.c:294:6:Toggle_Leds	8	static
../Core/Src/main.c:308:6:HAL_TIM_PeriodElapsedCallback	16	static
../Core/Src/main.c:334:5:_write	32	static
../Core/Src/main.c:348:6:Error_Handler	8	static
../Core/Src/main.c:357:13:GPIOA_Init	32	static
../Core/Src/main.c:369:16:ProcessSample	32	static
../Core/Src/main.c:406:16:ProcessSample2	32	static,ignoring_inline_asm
../Core/Src/main.c:440:16:ProcessSample3	32	static,ignoring_inline_asm
