../Drivers/CMSIS/Include/core_cm4.h:2064:26:ITM_SendChar	16	static,ignoring_inline_asm
../Core/Src/main.c:84:5:main	8	static
../Core/Src/main.c:249:13:SystemClock_Config	88	static
../Core/Src/main.c:295:6:HAL_GPIO_EXTI_Callback	16	static
../Core/Src/main.c:309:6:Toggle_Leds	8	static
../Core/Src/main.c:323:6:HAL_TIM_PeriodElapsedCallback	16	static
../Core/Src/main.c:347:5:_write	32	static
../Core/Src/main.c:361:6:Error_Handler	8	static
../Core/Src/main.c:370:13:GPIOA_Init	32	static
../Core/Src/main.c:385:16:ProcessSample	40	static
../Core/Src/main.c:415:16:echoEffect	16	static
../Core/Src/main.c:420:16:reverbEffect	16	static
../Core/Src/main.c:424:6:BSP_AUDIO_OUT_TransferComplete_CallBack	4	static
