../Drivers/CMSIS/Include/core_cm4.h:2064:26:ITM_SendChar	4
../Core/Src/main.c:84:5:main	17
../Core/Src/main.c:249:13:SystemClock_Config	3
../Core/Src/main.c:295:6:HAL_GPIO_EXTI_Callback	3
../Core/Src/main.c:309:6:Toggle_Leds	1
../Core/Src/main.c:323:6:HAL_TIM_PeriodElapsedCallback	4
../Core/Src/main.c:347:5:_write	2
../Core/Src/main.c:361:6:Error_Handler	1
../Core/Src/main.c:370:13:GPIOA_Init	1
../Core/Src/main.c:385:16:ProcessSample	1
../Core/Src/main.c:415:16:echoEffect	1
../Core/Src/main.c:420:16:reverbEffect	1
../Core/Src/main.c:424:6:BSP_AUDIO_OUT_TransferComplete_CallBack	1
