../Drivers/CMSIS/Include/core_cm4.h:2064:26:ITM_SendChar	4
../Core/Src/main.c:395:16:ProcessSample	1
../Core/Src/main.c:521:16:reverbEffect	1
../Core/Src/main.c:373:13:GPIOA_Init	1
../Core/Src/main.c:298:6:HAL_GPIO_EXTI_Callback	3
../Core/Src/main.c:312:6:Toggle_Leds	1
../Core/Src/main.c:326:6:HAL_TIM_PeriodElapsedCallback	4
../Core/Src/main.c:350:5:_write	2
../Core/Src/main.c:364:6:Error_Handler	1
../Core/Src/main.c:252:13:SystemClock_Config	1
../Core/Src/main.c:85:5:main	14
../Core/Src/main.c:546:6:BSP_AUDIO_OUT_TransferComplete_CallBack	1
