../Drivers/CMSIS/Include/core_cm4.h:2064:26:ITM_SendChar	16	static,ignoring_inline_asm
../Core/Src/main.c:72:5:_write	32	static
../Core/Src/main.c:80:5:test_assembly	24	static,ignoring_inline_asm
../Core/Src/main.c:89:6:BasicLoopTest	16	static
../Core/Src/main.c:96:6:FloatingExperiment	24	static
../Core/Src/main.c:102:6:FixedExperiment	24	static
../Core/Src/main.c:109:6:CMSISExperiment	120	static
../Core/Src/main.c:127:5:main	8	static
../Core/Src/main.c:197:6:SystemClock_Config	88	static
../Core/Src/main.c:242:6:PeriphCommonClock_Config	32	static
../Core/Src/main.c:263:13:MX_I2C1_Init	8	static
../Core/Src/main.c:297:13:MX_I2S2_Init	8	static
../Core/Src/main.c:331:13:MX_I2S3_Init	8	static
../Core/Src/main.c:365:13:MX_SPI1_Init	8	static
../Core/Src/main.c:403:13:MX_GPIO_Init	56	static
../Core/Src/main.c:500:6:Error_Handler	4	static,ignoring_inline_asm
