../Drivers/CMSIS/Include/core_cm4.h:2064:26:ITM_SendChar	4
../Core/Src/main.c:72:5:_write	2
../Core/Src/main.c:80:5:test_assembly	1
../Core/Src/main.c:89:6:BasicLoopTest	2
../Core/Src/main.c:96:6:FloatingExperiment	1
../Core/Src/main.c:102:6:FixedExperiment	1
../Core/Src/main.c:109:6:CMSISExperiment	1
../Core/Src/main.c:127:5:main	1
../Core/Src/main.c:197:6:SystemClock_Config	3
../Core/Src/main.c:242:6:PeriphCommonClock_Config	2
../Core/Src/main.c:263:13:MX_I2C1_Init	2
../Core/Src/main.c:297:13:MX_I2S2_Init	2
../Core/Src/main.c:331:13:MX_I2S3_Init	2
../Core/Src/main.c:365:13:MX_SPI1_Init	2
../Core/Src/main.c:403:13:MX_GPIO_Init	1
../Core/Src/main.c:500:6:Error_Handler	1
