../Drivers/CMSIS/Include/core_cm4.h:2064:26:ITM_SendChar	16	static,ignoring_inline_asm
../Core/Src/main.c:102:6:FixedFilterInit	16	static
../Core/Src/main.c:122:6:FixedFilterStart	16	static
../Core/Src/main.c:164:9:FixedFilterGet	96	static
../Core/Src/main.c:198:5:main	8	static
../Core/Src/main.c:229:5:_write	32	static
../Core/Src/main.c:241:6:SystemClock_Config	88	static
../Core/Src/main.c:286:6:PeriphCommonClock_Config	32	static
../Core/Src/main.c:307:13:MX_I2C1_Init	8	static
../Core/Src/main.c:341:13:MX_I2S2_Init	8	static
../Core/Src/main.c:375:13:MX_I2S3_Init	8	static
../Core/Src/main.c:409:13:MX_SPI1_Init	8	static
../Core/Src/main.c:447:13:MX_GPIO_Init	56	static
../Core/Src/main.c:544:6:Error_Handler	4	static,ignoring_inline_asm
