../Drivers/CMSIS/Include/core_cm4.h:2064:26:ITM_SendChar	4
../Core/Src/main.c:92:6:FloatFilterInit	2
../Core/Src/main.c:101:6:FloatFilterStart	2
../Core/Src/main.c:113:7:FloatFilterGet	3
../Core/Src/main.c:143:5:main	1
../Core/Src/main.c:174:5:_write	2
../Core/Src/main.c:186:6:SystemClock_Config	3
../Core/Src/main.c:231:6:PeriphCommonClock_Config	2
../Core/Src/main.c:252:13:MX_I2C1_Init	2
../Core/Src/main.c:286:13:MX_I2S2_Init	2
../Core/Src/main.c:320:13:MX_I2S3_Init	2
../Core/Src/main.c:354:13:MX_SPI1_Init	2
../Core/Src/main.c:392:13:MX_GPIO_Init	1
../Core/Src/main.c:489:6:Error_Handler	1
