../Drivers/CMSIS/Include/core_cm4.h:2064:26:ITM_SendChar	4
../Core/Src/main.c:102:6:FixedFilterInit	2
../Core/Src/main.c:122:6:FixedFilterStart	2
../Core/Src/main.c:164:9:FixedFilterGet	3
../Core/Src/main.c:198:5:main	1
../Core/Src/main.c:229:5:_write	2
../Core/Src/main.c:241:6:SystemClock_Config	3
../Core/Src/main.c:286:6:PeriphCommonClock_Config	2
../Core/Src/main.c:307:13:MX_I2C1_Init	2
../Core/Src/main.c:341:13:MX_I2S2_Init	2
../Core/Src/main.c:375:13:MX_I2S3_Init	2
../Core/Src/main.c:409:13:MX_SPI1_Init	2
../Core/Src/main.c:447:13:MX_GPIO_Init	1
../Core/Src/main.c:544:6:Error_Handler	1
