2025-02-05 16:01:51,811 [INFO] Activator:176 - 


2025-02-05 16:01:51,813 [INFO] Activator:177 - !SESSION log4j initialized
2025-02-05 16:01:55,728 [INFO] LogOutputStream:77 - [STDOUT_REDIRECT] 
2025-02-05 16:02:14,847 [INFO] ApplicationProperties:184 - Using Application install path: C:\ST\STM32CubeIDE_1.17.0\STM32CubeIDE\plugins\com.st.stm32cube.common.mx_6.13.0.202411220809
2025-02-05 16:02:14,871 [INFO] DbMcusXml:78 - Set database path to: C:\ST\STM32CubeIDE_1.17.0\STM32CubeIDE\plugins\com.st.stm32cube.common.mx_6.13.0.202411220809\\db\/mcu/
2025-02-05 16:02:14,871 [INFO] ApiDb:274 - Set plugin database path to: C:\ST\STM32CubeIDE_1.17.0\STM32CubeIDE\plugins\com.st.stm32cube.common.mx_6.13.0.202411220809\\db\/plugins/boardmanager/
2025-02-05 16:02:14,872 [WARN] ApiDb:259 - Overriding images path with different value:  => C:\ST\STM32CubeIDE_1.17.0\STM32CubeIDE\plugins\com.st.stm32cube.common.mx_6.13.0.202411220809\\db\/plugins/mcufinder/images/
2025-02-05 16:02:14,893 [INFO] ApiDb:250 - Set database path to: C:\Users\Lee\.stmcufinder\plugins\mcufinder//mcu/
2025-02-05 16:02:14,895 [INFO] DbMcusAds:125 - Set database path to: C:\Users\Lee\.stmcufinder\plugins\mcufinder//mcu/
2025-02-05 16:02:14,906 [INFO] CrossReferenceDbSqlite:203 - Set database path to: C:\Users\Lee\.stmcufinder\plugins\mcufinder//mcu/cs/
2025-02-05 16:02:15,048 [INFO] RulesReader:64 - Compatibility file has been processed (297 Rules)
2025-02-05 16:02:15,136 [INFO] DbMcusXml:78 - Set database path to: C:\ST\STM32CubeIDE_1.17.0\STM32CubeIDE\plugins\com.st.stm32cube.common.mx_6.13.0.202411220809\\db\/mcu/
2025-02-05 16:02:15,136 [INFO] ApiDb:274 - Set plugin database path to: C:\ST\STM32CubeIDE_1.17.0\STM32CubeIDE\plugins\com.st.stm32cube.common.mx_6.13.0.202411220809\\db\/plugins/boardmanager/
2025-02-05 16:02:15,136 [INFO] ApiDb:261 - Set plugin images path to: C:\ST\STM32CubeIDE_1.17.0\STM32CubeIDE\plugins\com.st.stm32cube.common.mx_6.13.0.202411220809\\db\/plugins/mcufinder/images/
2025-02-05 16:02:15,137 [WARN] DbFile:41 - Overriding database path with different value: C:\Users\Lee\.stmcufinder\plugins\mcufinder/ => C:\Users\Lee\.stmcufinder\plugins\mcufinder
2025-02-05 16:02:15,137 [INFO] ApiDb:250 - Set database path to: C:\Users\Lee\.stmcufinder\plugins\mcufinder//mcu/
2025-02-05 16:02:15,137 [WARN] DbFile:41 - Overriding database path with different value: C:\Users\Lee\.stmcufinder\plugins\mcufinder/ => C:\Users\Lee\.stmcufinder\plugins\mcufinder
2025-02-05 16:02:15,137 [INFO] DbMcusAds:125 - Set database path to: C:\Users\Lee\.stmcufinder\plugins\mcufinder//mcu/
2025-02-05 16:02:15,137 [WARN] DbFile:41 - Overriding database path with different value: C:\Users\Lee\.stmcufinder\plugins\mcufinder/ => C:\Users\Lee\.stmcufinder\plugins\mcufinder
2025-02-05 16:02:15,137 [WARN] DbFile:41 - Overriding database path with different value: C:\Users\Lee\.stmcufinder\plugins\mcufinder/ => C:\Users\Lee\.stmcufinder\plugins\mcufinder
2025-02-05 16:02:15,137 [INFO] CrossReferenceDbSqlite:203 - Set database path to: C:\Users\Lee\.stmcufinder\plugins\mcufinder//mcu/cs/
2025-02-05 16:02:15,223 [INFO] MainPanel:272 - HeapMemory: 268435456
2025-02-05 16:02:15,304 [INFO] DbMcusXml:78 - Set database path to: C:\ST\STM32CubeIDE_1.17.0\STM32CubeIDE\plugins\com.st.stm32cube.common.mx_6.13.0.202411220809\\db\/mcu/
2025-02-05 16:02:15,304 [INFO] ApiDb:274 - Set plugin database path to: C:\ST\STM32CubeIDE_1.17.0\STM32CubeIDE\plugins\com.st.stm32cube.common.mx_6.13.0.202411220809\\db\/plugins/boardmanager/
2025-02-05 16:02:15,304 [INFO] ApiDb:261 - Set plugin images path to: C:\ST\STM32CubeIDE_1.17.0\STM32CubeIDE\plugins\com.st.stm32cube.common.mx_6.13.0.202411220809\\db\/plugins/mcufinder/images/
2025-02-05 16:02:15,304 [WARN] DbFile:41 - Overriding database path with different value: C:\Users\Lee\.stmcufinder\plugins\mcufinder/ => C:\Users\Lee\.stmcufinder\plugins\mcufinder
2025-02-05 16:02:15,304 [INFO] ApiDb:250 - Set database path to: C:\Users\Lee\.stmcufinder\plugins\mcufinder//mcu/
2025-02-05 16:02:15,305 [WARN] DbFile:41 - Overriding database path with different value: C:\Users\Lee\.stmcufinder\plugins\mcufinder/ => C:\Users\Lee\.stmcufinder\plugins\mcufinder
2025-02-05 16:02:15,305 [INFO] DbMcusAds:125 - Set database path to: C:\Users\Lee\.stmcufinder\plugins\mcufinder//mcu/
2025-02-05 16:02:15,305 [WARN] DbFile:41 - Overriding database path with different value: C:\Users\Lee\.stmcufinder\plugins\mcufinder/ => C:\Users\Lee\.stmcufinder\plugins\mcufinder
2025-02-05 16:02:15,305 [WARN] DbFile:41 - Overriding database path with different value: C:\Users\Lee\.stmcufinder\plugins\mcufinder/ => C:\Users\Lee\.stmcufinder\plugins\mcufinder
2025-02-05 16:02:15,305 [INFO] CrossReferenceDbSqlite:203 - Set database path to: C:\Users\Lee\.stmcufinder\plugins\mcufinder//mcu/cs/
2025-02-05 16:02:15,337 [INFO] ApplicationProperties:184 - Using Application install path: C:\ST\STM32CubeIDE_1.17.0\STM32CubeIDE\plugins\com.st.stm32cube.common.mx_6.13.0.202411220809
2025-02-05 16:02:15,339 [INFO] PluginManage:196 - Search for loadable plugins [exclusion list=, ]
2025-02-05 16:02:15,340 [INFO] PluginManage:310 - Check plugin analytics
2025-02-05 16:02:15,565 [INFO] AnalyticsPlugin:253 - Accepted Software Licenses: 
2025-02-05 16:02:15,565 [INFO] AnalyticsPlugin:255 - Accepted CMSIS Pack Licenses: 
2025-02-05 16:02:15,565 [INFO] AnalyticsPlugin:257 - Accepted Firmware Licenses: FW.F4.1.28.0
2025-02-05 16:02:15,569 [INFO] PluginManage:359 - Loaded plugin analytics (category:tool,tabindex:-1)
2025-02-05 16:02:15,569 [INFO] PluginManage:310 - Check plugin cadmodel
2025-02-05 16:02:15,590 [INFO] CADModel:105 - Init CAD model plugin
2025-02-05 16:02:15,590 [INFO] PluginManage:359 - Loaded plugin cadmodel (category:power,tabindex:5)
2025-02-05 16:02:15,591 [INFO] PluginManage:310 - Check plugin clock
2025-02-05 16:02:15,613 [INFO] PluginManage:359 - Loaded plugin clock (category:base,tabindex:2)
2025-02-05 16:02:15,613 [INFO] PluginManage:310 - Check plugin ddr
2025-02-05 16:02:15,616 [INFO] PluginManage:359 - Loaded plugin ddr (category:tool,tabindex:6)
2025-02-05 16:02:15,616 [INFO] PluginManage:310 - Check plugin filemanager
2025-02-05 16:02:15,821 [INFO] PluginManage:359 - Loaded plugin filemanager (category:base,tabindex:10)
2025-02-05 16:02:15,821 [INFO] PluginManage:310 - Check plugin ipmanager
2025-02-05 16:02:15,834 [INFO] PluginManage:359 - Loaded plugin ipmanager (category:base,tabindex:5)
2025-02-05 16:02:15,835 [INFO] PluginManage:310 - Check plugin lpbam
2025-02-05 16:02:15,857 [INFO] PluginManage:359 - Loaded plugin lpbam (category:base,tabindex:0)
2025-02-05 16:02:15,857 [INFO] PluginManage:310 - Check plugin memorymap
2025-02-05 16:02:15,881 [INFO] PluginManage:359 - Loaded plugin memorymap (category:base,tabindex:4)
2025-02-05 16:02:15,881 [INFO] PluginManage:310 - Check plugin pinoutandconfiguration
2025-02-05 16:02:15,901 [INFO] PluginManage:359 - Loaded plugin pinoutandconfiguration (category:base,tabindex:1)
2025-02-05 16:02:15,901 [INFO] PluginManage:310 - Check plugin pinoutconfig
2025-02-05 16:02:15,999 [WARN] SupportedApi:132 - Cannot load RTOS API schema: s4s-elt-must-match.1: The content of 'definitions' must match (annotation?, (simpleType | complexType)?, (unique | key | keyref)*)). A problem was found starting at: attribute.
2025-02-05 16:02:16,138 [INFO] PluginManage:359 - Loaded plugin pinoutconfig (category:base,tabindex:0)
2025-02-05 16:02:16,138 [INFO] PluginManage:310 - Check plugin power
2025-02-05 16:02:16,161 [INFO] PluginManage:359 - Loaded plugin power (category:power,tabindex:4)
2025-02-05 16:02:16,161 [INFO] PluginManage:310 - Check plugin projectmanager
2025-02-05 16:02:16,178 [INFO] PluginManage:359 - Loaded plugin projectmanager (category:projectmanager,tabindex:4)
2025-02-05 16:02:16,178 [INFO] PluginManage:310 - Check plugin rif
2025-02-05 16:02:16,202 [INFO] PluginManage:359 - Loaded plugin rif (category:base,tabindex:3)
2025-02-05 16:02:16,202 [INFO] PluginManage:310 - Check plugin thirdparty
2025-02-05 16:02:16,523 [INFO] PluginManage:359 - Loaded plugin thirdparty (category:base,tabindex:-1)
2025-02-05 16:02:16,523 [WARN] IntegrityCheckThread:84 - waiting for thirdparty lock release [integrity check]
2025-02-05 16:02:16,523 [INFO] PluginManage:310 - Check plugin tools
2025-02-05 16:02:16,523 [INFO] IntegrityCheckThread:86 - entering critical section [integrity check]
2025-02-05 16:02:16,524 [INFO] ThirdPartyUpdaterWithRetryManager:70 - Updater plugin not ready yet. [1/15]
2025-02-05 16:02:16,575 [INFO] PluginManage:359 - Loaded plugin tools (category:base,tabindex:7)
2025-02-05 16:02:16,575 [INFO] PluginManage:310 - Check plugin tutovideos
2025-02-05 16:02:16,752 [INFO] PluginManage:359 - Loaded plugin tutovideos (category:base,tabindex:-1)
2025-02-05 16:02:16,752 [INFO] PluginManage:310 - Check plugin updater
2025-02-05 16:02:16,774 [INFO] PluginManage:359 - Loaded plugin updater (category:base,tabindex:12)
2025-02-05 16:02:16,774 [INFO] PluginManage:310 - Check plugin userauth
2025-02-05 16:02:16,778 [INFO] UserAuth:118 - Init User Auth plugin
2025-02-05 16:02:16,779 [INFO] PluginManage:359 - Loaded plugin userauth (category:base,tabindex:14)
2025-02-05 16:02:16,779 [INFO] PluginManage:283 - PluginManage : Loaded plugins [18]
2025-02-05 16:02:17,046 [INFO] PinOutPanel:1589 - setPackage(No Configuration,No Configuration)
2025-02-05 16:02:17,154 [INFO] CADModel:165 - CPN selected for project level
2025-02-05 16:02:17,154 [INFO] CADModel:114 - Register for checkConnection events
2025-02-05 16:02:17,185 [INFO] IPUIPlugin:80 - create IPUIPlugin
2025-02-05 16:02:17,185 [INFO] PluginManager:220 - loadIPPluginJar : add adc
2025-02-05 16:02:17,240 [INFO] IPUIPlugin:80 - create IPUIPlugin
2025-02-05 16:02:17,240 [INFO] PluginManager:220 - loadIPPluginJar : add aes
2025-02-05 16:02:17,304 [INFO] IPUIPlugin:80 - create IPUIPlugin
2025-02-05 16:02:17,304 [INFO] PluginManager:220 - loadIPPluginJar : add can
2025-02-05 16:02:17,340 [INFO] IPUIPlugin:80 - create IPUIPlugin
2025-02-05 16:02:17,340 [INFO] PluginManager:220 - loadIPPluginJar : add comp
2025-02-05 16:02:17,415 [INFO] IPUIPlugin:80 - create IPUIPlugin
2025-02-05 16:02:17,416 [INFO] PluginManager:220 - loadIPPluginJar : add cryp
2025-02-05 16:02:17,440 [INFO] IPUIPlugin:80 - create IPUIPlugin
2025-02-05 16:02:17,440 [INFO] PluginManager:220 - loadIPPluginJar : add ddr_ctrl_phy
2025-02-05 16:02:17,500 [INFO] IPUIPlugin:80 - create IPUIPlugin
2025-02-05 16:02:17,500 [INFO] PluginManager:220 - loadIPPluginJar : add dfsdm
2025-02-05 16:02:17,522 [INFO] IPUIPlugin:80 - create IPUIPlugin
2025-02-05 16:02:17,522 [INFO] PluginManager:220 - loadIPPluginJar : add dma
2025-02-05 16:02:17,587 [INFO] IPUIPlugin:80 - create IPUIPlugin
2025-02-05 16:02:17,587 [INFO] PluginManager:220 - loadIPPluginJar : add dma3
2025-02-05 16:02:17,662 [INFO] IPUIPlugin:80 - create IPUIPlugin
2025-02-05 16:02:17,662 [INFO] PluginManager:220 - loadIPPluginJar : add extmemmanager
2025-02-05 16:02:17,694 [INFO] IPUIPlugin:80 - create IPUIPlugin
2025-02-05 16:02:17,695 [INFO] PluginManager:220 - loadIPPluginJar : add fatfs
2025-02-05 16:02:17,759 [INFO] IPUIPlugin:80 - create IPUIPlugin
2025-02-05 16:02:17,759 [INFO] PluginManager:220 - loadIPPluginJar : add fmc
2025-02-05 16:02:17,799 [INFO] IPUIPlugin:80 - create IPUIPlugin
2025-02-05 16:02:17,799 [INFO] PluginManager:220 - loadIPPluginJar : add freertos
2025-02-05 16:02:17,833 [INFO] IPUIPlugin:80 - create IPUIPlugin
2025-02-05 16:02:17,833 [INFO] PluginManager:220 - loadIPPluginJar : add genericplugin
2025-02-05 16:02:17,982 [INFO] IPUIPlugin:80 - create IPUIPlugin
2025-02-05 16:02:17,982 [INFO] PluginManager:220 - loadIPPluginJar : add gfxmmu
2025-02-05 16:02:18,180 [INFO] IPUIPlugin:80 - create IPUIPlugin
2025-02-05 16:02:18,180 [INFO] PluginManager:220 - loadIPPluginJar : add gic
2025-02-05 16:02:18,201 [INFO] IPUIPlugin:80 - create IPUIPlugin
2025-02-05 16:02:18,202 [INFO] PluginManager:220 - loadIPPluginJar : add gpio
2025-02-05 16:02:18,331 [INFO] IPUIPlugin:80 - create IPUIPlugin
2025-02-05 16:02:18,331 [INFO] PluginManager:220 - loadIPPluginJar : add gtzc
2025-02-05 16:02:18,393 [INFO] IPUIPlugin:80 - create IPUIPlugin
2025-02-05 16:02:18,394 [INFO] PluginManager:220 - loadIPPluginJar : add hash
2025-02-05 16:02:18,489 [INFO] IPUIPlugin:80 - create IPUIPlugin
2025-02-05 16:02:18,489 [INFO] PluginManager:220 - loadIPPluginJar : add i2c
2025-02-05 16:02:18,553 [INFO] IPUIPlugin:80 - create IPUIPlugin
2025-02-05 16:02:18,553 [INFO] PluginManager:220 - loadIPPluginJar : add i2s
2025-02-05 16:02:18,631 [INFO] IPUIPlugin:80 - create IPUIPlugin
2025-02-05 16:02:18,631 [INFO] PluginManager:220 - loadIPPluginJar : add i3c
2025-02-05 16:02:18,769 [INFO] IPUIPlugin:80 - create IPUIPlugin
2025-02-05 16:02:18,770 [INFO] PluginManager:220 - loadIPPluginJar : add ipddr
2025-02-05 16:02:18,918 [INFO] IPUIPlugin:80 - create IPUIPlugin
2025-02-05 16:02:18,918 [INFO] PluginManager:220 - loadIPPluginJar : add linkedlist
2025-02-05 16:02:18,970 [INFO] IPUIPlugin:80 - create IPUIPlugin
2025-02-05 16:02:18,970 [INFO] PluginManager:220 - loadIPPluginJar : add lorawan
2025-02-05 16:02:19,029 [INFO] IPUIPlugin:80 - create IPUIPlugin
2025-02-05 16:02:19,029 [INFO] PluginManager:220 - loadIPPluginJar : add ltdc
2025-02-05 16:02:19,047 [INFO] IPUIPlugin:80 - create IPUIPlugin
2025-02-05 16:02:19,047 [INFO] PluginManager:220 - loadIPPluginJar : add mdma
2025-02-05 16:02:19,063 [INFO] IPUIPlugin:80 - create IPUIPlugin
2025-02-05 16:02:19,063 [INFO] PluginManager:220 - loadIPPluginJar : add nvic
2025-02-05 16:02:19,115 [INFO] IPUIPlugin:80 - create IPUIPlugin
2025-02-05 16:02:19,115 [INFO] PluginManager:220 - loadIPPluginJar : add opamp
2025-02-05 16:02:19,201 [INFO] IPUIPlugin:80 - create IPUIPlugin
2025-02-05 16:02:19,202 [INFO] PluginManager:220 - loadIPPluginJar : add openamp
2025-02-05 16:02:19,263 [INFO] IPUIPlugin:80 - create IPUIPlugin
2025-02-05 16:02:19,263 [INFO] PluginManager:220 - loadIPPluginJar : add pdm2pcm
2025-02-05 16:02:19,281 [INFO] IPUIPlugin:80 - create IPUIPlugin
2025-02-05 16:02:19,283 [INFO] PluginManager:220 - loadIPPluginJar : add plateformsettings
2025-02-05 16:02:19,316 [INFO] IPUIPlugin:80 - create IPUIPlugin
2025-02-05 16:02:19,316 [INFO] PluginManager:220 - loadIPPluginJar : add quadspi
2025-02-05 16:02:19,319 [INFO] IPUIPlugin:80 - create IPUIPlugin
2025-02-05 16:02:19,320 [INFO] PluginManager:220 - loadIPPluginJar : add radio
2025-02-05 16:02:19,350 [INFO] IPUIPlugin:80 - create IPUIPlugin
2025-02-05 16:02:19,350 [INFO] PluginManager:220 - loadIPPluginJar : add resmgrutility
2025-02-05 16:02:19,421 [INFO] IPUIPlugin:80 - create IPUIPlugin
2025-02-05 16:02:19,421 [INFO] PluginManager:220 - loadIPPluginJar : add sai
2025-02-05 16:02:19,482 [INFO] IPUIPlugin:80 - create IPUIPlugin
2025-02-05 16:02:19,482 [INFO] PluginManager:220 - loadIPPluginJar : add spi
2025-02-05 16:02:19,524 [INFO] ThirdPartyUpdaterWithRetryManager:70 - Updater plugin not ready yet. [2/15]
2025-02-05 16:02:19,582 [INFO] IPUIPlugin:80 - create IPUIPlugin
2025-02-05 16:02:19,583 [INFO] PluginManager:220 - loadIPPluginJar : add stm32_wpan
2025-02-05 16:02:19,620 [INFO] IPUIPlugin:80 - create IPUIPlugin
2025-02-05 16:02:19,620 [INFO] PluginManager:220 - loadIPPluginJar : add tim
2025-02-05 16:02:19,751 [INFO] IPUIPlugin:80 - create IPUIPlugin
2025-02-05 16:02:19,751 [INFO] PluginManager:220 - loadIPPluginJar : add touchsensing
2025-02-05 16:02:19,806 [INFO] IPUIPlugin:80 - create IPUIPlugin
2025-02-05 16:02:19,806 [INFO] PluginManager:220 - loadIPPluginJar : add tracer_emb
2025-02-05 16:02:19,862 [INFO] IPUIPlugin:80 - create IPUIPlugin
2025-02-05 16:02:19,862 [INFO] PluginManager:220 - loadIPPluginJar : add ts
2025-02-05 16:02:19,923 [INFO] IPUIPlugin:80 - create IPUIPlugin
2025-02-05 16:02:19,923 [INFO] PluginManager:220 - loadIPPluginJar : add tsc
2025-02-05 16:02:20,021 [INFO] IPUIPlugin:80 - create IPUIPlugin
2025-02-05 16:02:20,021 [INFO] PluginManager:220 - loadIPPluginJar : add ucpd
2025-02-05 16:02:20,337 [INFO] IPUIPlugin:80 - create IPUIPlugin
2025-02-05 16:02:20,337 [INFO] PluginManager:220 - loadIPPluginJar : add usart
2025-02-05 16:02:20,494 [INFO] IPUIPlugin:80 - create IPUIPlugin
2025-02-05 16:02:20,495 [INFO] PluginManager:220 - loadIPPluginJar : add usbx
2025-02-05 16:02:20,752 [FATAL] Updater:351 - Updater called before beeing initialized
2025-02-05 16:02:20,786 [INFO] RulesReader:64 - Compatibility file has been processed (297 Rules)
2025-02-05 16:02:20,808 [INFO] RulesReader:64 - Compatibility file has been processed (297 Rules)
2025-02-05 16:02:20,819 [INFO] CADModel:165 - CPN selected for project level
2025-02-05 16:02:20,819 [INFO] CADModel:114 - Register for checkConnection events
2025-02-05 16:02:20,819 [FATAL] Updater:351 - Updater called before beeing initialized
2025-02-05 16:02:20,820 [ERROR] CADModel:125 - Updater not yet initialized, retry later 
2025-02-05 16:02:20,986 [ERROR] IconsList:413 - IO error while reading file com/st/microxplorer/image/settings.png
