../Drivers/CMSIS/Include/core_cm4.h:2064:26:ITM_SendChar	16	static,ignoring_inline_asm
../Core/Src/main.c:70:5:_write	32	static
../Core/Src/main.c:78:5:test_assembly	24	static,ignoring_inline_asm
../Core/Src/main.c:87:6:BasicLoopTest	16	static
../Core/Src/main.c:94:6:FloatingExperiment	24	static
../Core/Src/main.c:100:6:FixedExperiment	16	static
../Core/Src/main.c:112:5:main	8	static
../Core/Src/main.c:181:6:SystemClock_Config	88	static
../Core/Src/main.c:226:6:PeriphCommonClock_Config	32	static
../Core/Src/main.c:247:13:MX_I2C1_Init	8	static
../Core/Src/main.c:281:13:MX_I2S2_Init	8	static
../Core/Src/main.c:315:13:MX_I2S3_Init	8	static
../Core/Src/main.c:349:13:MX_SPI1_Init	8	static
../Core/Src/main.c:387:13:MX_GPIO_Init	56	static
../Core/Src/main.c:484:6:Error_Handler	4	static,ignoring_inline_asm
